
  /usr/bin/ecpg.dll
  /usr/bin/ecpg_compat.dll
  /usr/bin/pgtypes.dll
  /usr/bin/pq.dll
  /usr/include/postgresql/7.4/ecpg_informix.h
  /usr/include/postgresql/7.4/ecpgerrno.h
  /usr/include/postgresql/7.4/ecpglib.h
  /usr/include/postgresql/7.4/ecpgtype.h
  /usr/include/postgresql/7.4/informix/esql/datetime.h
  /usr/include/postgresql/7.4/informix/esql/decimal.h
  /usr/include/postgresql/7.4/informix/esql/sqlda.h
  /usr/include/postgresql/7.4/informix/esql/sqltypes.h
  /usr/include/postgresql/7.4/internal/c.h
  /usr/include/postgresql/7.4/internal/lib/dllist.h
  /usr/include/postgresql/7.4/internal/libpq-int.h
  /usr/include/postgresql/7.4/internal/libpq/pqcomm.h
  /usr/include/postgresql/7.4/internal/port.h
  /usr/include/postgresql/7.4/internal/postgres_fe.h
  /usr/include/postgresql/7.4/internal/pqexpbuffer.h
  /usr/include/postgresql/7.4/libpq-fe.h
  /usr/include/postgresql/7.4/libpq/libpq-fs.h
  /usr/include/postgresql/7.4/pg_config.h
  /usr/include/postgresql/7.4/pg_config_manual.h
  /usr/include/postgresql/7.4/pg_config_os.h
  /usr/include/postgresql/7.4/pgtypes_date.h
  /usr/include/postgresql/7.4/pgtypes_error.h
  /usr/include/postgresql/7.4/pgtypes_interval.h
  /usr/include/postgresql/7.4/pgtypes_numeric.h
  /usr/include/postgresql/7.4/pgtypes_timestamp.h
  /usr/include/postgresql/7.4/postgres_ext.h
  /usr/include/postgresql/7.4/sql3types.h
  /usr/include/postgresql/7.4/sqlca.h
  /usr/lib/postgresql7.4/bin/ApplySnapshot
  /usr/lib/postgresql7.4/bin/CleanLog
  /usr/lib/postgresql7.4/bin/GetSyncID
  /usr/lib/postgresql7.4/bin/InitRservTest
  /usr/lib/postgresql7.4/bin/MasterAddTable
  /usr/lib/postgresql7.4/bin/MasterInit
  /usr/lib/postgresql7.4/bin/MasterSync
  /usr/lib/postgresql7.4/bin/PrepareSnapshot
  /usr/lib/postgresql7.4/bin/Replicate
  /usr/lib/postgresql7.4/bin/RservTest
  /usr/lib/postgresql7.4/bin/SlaveAddTable
  /usr/lib/postgresql7.4/bin/SlaveInit
  /usr/lib/postgresql7.4/bin/clusterdb.exe
  /usr/lib/postgresql7.4/bin/createdb.exe
  /usr/lib/postgresql7.4/bin/createlang.exe
  /usr/lib/postgresql7.4/bin/createuser.exe
  /usr/lib/postgresql7.4/bin/dbf2pg.exe
  /usr/lib/postgresql7.4/bin/dropdb.exe
  /usr/lib/postgresql7.4/bin/droplang.exe
  /usr/lib/postgresql7.4/bin/dropuser.exe
  /usr/lib/postgresql7.4/bin/ecpg.exe
  /usr/lib/postgresql7.4/bin/findoidjoins.exe
  /usr/lib/postgresql7.4/bin/fti.pl
  /usr/lib/postgresql7.4/bin/initdb
  /usr/lib/postgresql7.4/bin/initlocation
  /usr/lib/postgresql7.4/bin/ipcclean
  /usr/lib/postgresql7.4/bin/make_oidjoins_check
  /usr/lib/postgresql7.4/bin/oid2name.exe
  /usr/lib/postgresql7.4/bin/pg_autovacuum.exe
  /usr/lib/postgresql7.4/bin/pg_config
  /usr/lib/postgresql7.4/bin/pg_controldata.exe
  /usr/lib/postgresql7.4/bin/pg_ctl
  /usr/lib/postgresql7.4/bin/pg_dump.exe
  /usr/lib/postgresql7.4/bin/pg_dumpall.exe
  /usr/lib/postgresql7.4/bin/pg_dumplo.exe
  /usr/lib/postgresql7.4/bin/pg_encoding.exe
  /usr/lib/postgresql7.4/bin/pg_id.exe
  /usr/lib/postgresql7.4/bin/pg_logger.exe
  /usr/lib/postgresql7.4/bin/pg_resetxlog.exe
  /usr/lib/postgresql7.4/bin/pg_restore.exe
  /usr/lib/postgresql7.4/bin/pgbench.exe
  /usr/lib/postgresql7.4/bin/postgres.exe
  /usr/lib/postgresql7.4/bin/postmaster
  /usr/lib/postgresql7.4/bin/psql.exe
  /usr/lib/postgresql7.4/bin/vacuumdb.exe
  /usr/lib/postgresql7.4/bin/vacuumlo.exe
  /usr/lib/postgresql7.4/lib/_int.dll
  /usr/lib/postgresql7.4/lib/ascii_and_mic.dll
  /usr/lib/postgresql7.4/lib/autoinc.dll
  /usr/lib/postgresql7.4/lib/btree_gist.dll
  /usr/lib/postgresql7.4/lib/chkpass.dll
  /usr/lib/postgresql7.4/lib/cube.dll
  /usr/lib/postgresql7.4/lib/cyrillic_and_mic.dll
  /usr/lib/postgresql7.4/lib/dblink.dll
  /usr/lib/postgresql7.4/lib/dbsize.dll
  /usr/lib/postgresql7.4/lib/earthdistance.dll
  /usr/lib/postgresql7.4/lib/euc_cn_and_mic.dll
  /usr/lib/postgresql7.4/lib/euc_jp_and_sjis.dll
  /usr/lib/postgresql7.4/lib/euc_kr_and_mic.dll
  /usr/lib/postgresql7.4/lib/euc_tw_and_big5.dll
  /usr/lib/postgresql7.4/lib/fti.dll
  /usr/lib/postgresql7.4/lib/fuzzystrmatch.dll
  /usr/lib/postgresql7.4/lib/insert_username.dll
  /usr/lib/postgresql7.4/lib/int_aggregate.dll
  /usr/lib/postgresql7.4/lib/isbn_issn.dll
  /usr/lib/postgresql7.4/lib/latin2_and_win1250.dll
  /usr/lib/postgresql7.4/lib/latin_and_mic.dll
  /usr/lib/postgresql7.4/lib/libecpg.a
  /usr/lib/postgresql7.4/lib/libecpg_compat.a
  /usr/lib/postgresql7.4/lib/libpgtypes.a
  /usr/lib/postgresql7.4/lib/libpostgres.a
  /usr/lib/postgresql7.4/lib/libpq.a
  /usr/lib/postgresql7.4/lib/lo.dll
  /usr/lib/postgresql7.4/lib/ltree.dll
  /usr/lib/postgresql7.4/lib/misc_utils.dll
  /usr/lib/postgresql7.4/lib/moddatetime.dll
  /usr/lib/postgresql7.4/lib/noup.dll
  /usr/lib/postgresql7.4/lib/pending.dll
  /usr/lib/postgresql7.4/lib/pgcrypto.dll
  /usr/lib/postgresql7.4/lib/pgstattuple.dll
  /usr/lib/postgresql7.4/lib/plperl.dll
  /usr/lib/postgresql7.4/lib/plpgsql.dll
  /usr/lib/postgresql7.4/lib/plpython.dll
  /usr/lib/postgresql7.4/lib/refint.dll
  /usr/lib/postgresql7.4/lib/rserv.dll
  /usr/lib/postgresql7.4/lib/rtree_gist.dll
  /usr/lib/postgresql7.4/lib/seg.dll
  /usr/lib/postgresql7.4/lib/string_io.dll
  /usr/lib/postgresql7.4/lib/tablefunc.dll
  /usr/lib/postgresql7.4/lib/timetravel.dll
  /usr/lib/postgresql7.4/lib/tsearch.dll
  /usr/lib/postgresql7.4/lib/tsearch2.dll
  /usr/lib/postgresql7.4/lib/user_locks.dll
  /usr/lib/postgresql7.4/lib/utf8_and_ascii.dll
  /usr/lib/postgresql7.4/lib/utf8_and_big5.dll
  /usr/lib/postgresql7.4/lib/utf8_and_cyrillic.dll
  /usr/lib/postgresql7.4/lib/utf8_and_euc_cn.dll
  /usr/lib/postgresql7.4/lib/utf8_and_euc_jp.dll
  /usr/lib/postgresql7.4/lib/utf8_and_euc_kr.dll
  /usr/lib/postgresql7.4/lib/utf8_and_euc_tw.dll
  /usr/lib/postgresql7.4/lib/utf8_and_gb18030.dll
  /usr/lib/postgresql7.4/lib/utf8_and_gbk.dll
  /usr/lib/postgresql7.4/lib/utf8_and_iso8859.dll
  /usr/lib/postgresql7.4/lib/utf8_and_iso8859_1.dll
  /usr/lib/postgresql7.4/lib/utf8_and_johab.dll
  /usr/lib/postgresql7.4/lib/utf8_and_sjis.dll
  /usr/lib/postgresql7.4/lib/utf8_and_tcvn.dll
  /usr/lib/postgresql7.4/lib/utf8_and_uhc.dll
  /usr/lib/postgresql7.4/lib/utf8_and_win1250.dll
  /usr/lib/postgresql7.4/lib/utf8_and_win1256.dll
  /usr/lib/postgresql7.4/lib/utf8_and_win874.dll
  /usr/share/doc/Cygwin/postgresql7.4-7.4.13.README
  /usr/share/doc/postgresql7.4-7.4.13/COPYRIGHT
  /usr/share/doc/postgresql7.4-7.4.13/FAQ
  /usr/share/doc/postgresql7.4-7.4.13/FAQ_AIX
  /usr/share/doc/postgresql7.4-7.4.13/FAQ_DEV
  /usr/share/doc/postgresql7.4-7.4.13/FAQ_HPUX
  /usr/share/doc/postgresql7.4-7.4.13/FAQ_IRIX
  /usr/share/doc/postgresql7.4-7.4.13/FAQ_MSWIN
  /usr/share/doc/postgresql7.4-7.4.13/FAQ_MSWIN~
  /usr/share/doc/postgresql7.4-7.4.13/FAQ_QNX4
  /usr/share/doc/postgresql7.4-7.4.13/FAQ_SCO
  /usr/share/doc/postgresql7.4-7.4.13/FAQ_Solaris
  /usr/share/doc/postgresql7.4-7.4.13/FAQ_brazilian
  /usr/share/doc/postgresql7.4-7.4.13/FAQ_czech
  /usr/share/doc/postgresql7.4-7.4.13/FAQ_german
  /usr/share/doc/postgresql7.4-7.4.13/FAQ_hungarian
  /usr/share/doc/postgresql7.4-7.4.13/FAQ_japanese
  /usr/share/doc/postgresql7.4-7.4.13/FAQ_polish
  /usr/share/doc/postgresql7.4-7.4.13/FAQ_russian
  /usr/share/doc/postgresql7.4-7.4.13/FAQ_turkish
  /usr/share/doc/postgresql7.4-7.4.13/INSTALL
  /usr/share/doc/postgresql7.4-7.4.13/MISSING_FEATURES
  /usr/share/doc/postgresql7.4-7.4.13/README
  /usr/share/doc/postgresql7.4-7.4.13/README.mb.big5
  /usr/share/doc/postgresql7.4-7.4.13/README.mb.jp
  /usr/share/doc/postgresql7.4-7.4.13/TODO
  /usr/share/doc/postgresql7.4-7.4.13/bug.template
  /usr/share/doc/postgresql7.4-7.4.13/contrib/README.apachelog
  /usr/share/doc/postgresql7.4-7.4.13/contrib/README.btree_gist
  /usr/share/doc/postgresql7.4-7.4.13/contrib/README.chkpass
  /usr/share/doc/postgresql7.4-7.4.13/contrib/README.cube
  /usr/share/doc/postgresql7.4-7.4.13/contrib/README.dbf2pg
  /usr/share/doc/postgresql7.4-7.4.13/contrib/README.dblink
  /usr/share/doc/postgresql7.4-7.4.13/contrib/README.dbmirror
  /usr/share/doc/postgresql7.4-7.4.13/contrib/README.dbsize
  /usr/share/doc/postgresql7.4-7.4.13/contrib/README.earthdistance
  /usr/share/doc/postgresql7.4-7.4.13/contrib/README.findoidjoins
  /usr/share/doc/postgresql7.4-7.4.13/contrib/README.fti
  /usr/share/doc/postgresql7.4-7.4.13/contrib/README.fuzzystrmatch
  /usr/share/doc/postgresql7.4-7.4.13/contrib/README.int_aggregate
  /usr/share/doc/postgresql7.4-7.4.13/contrib/README.intarray
  /usr/share/doc/postgresql7.4-7.4.13/contrib/README.isbn_issn
  /usr/share/doc/postgresql7.4-7.4.13/contrib/README.lo
  /usr/share/doc/postgresql7.4-7.4.13/contrib/README.ltree
  /usr/share/doc/postgresql7.4-7.4.13/contrib/README.misc_utils
  /usr/share/doc/postgresql7.4-7.4.13/contrib/README.noup
  /usr/share/doc/postgresql7.4-7.4.13/contrib/README.oid2name
  /usr/share/doc/postgresql7.4-7.4.13/contrib/README.pg_autovacuum
  /usr/share/doc/postgresql7.4-7.4.13/contrib/README.pg_dumplo
  /usr/share/doc/postgresql7.4-7.4.13/contrib/README.pg_logger
  /usr/share/doc/postgresql7.4-7.4.13/contrib/README.pgbench
  /usr/share/doc/postgresql7.4-7.4.13/contrib/README.pgbench_jis
  /usr/share/doc/postgresql7.4-7.4.13/contrib/README.pgcrypto
  /usr/share/doc/postgresql7.4-7.4.13/contrib/README.pgstattuple
  /usr/share/doc/postgresql7.4-7.4.13/contrib/README.pgstattuple.euc_jp
  /usr/share/doc/postgresql7.4-7.4.13/contrib/README.rserv
  /usr/share/doc/postgresql7.4-7.4.13/contrib/README.rtree_gist
  /usr/share/doc/postgresql7.4-7.4.13/contrib/README.seg
  /usr/share/doc/postgresql7.4-7.4.13/contrib/README.soundex
  /usr/share/doc/postgresql7.4-7.4.13/contrib/README.spi
  /usr/share/doc/postgresql7.4-7.4.13/contrib/README.string_io
  /usr/share/doc/postgresql7.4-7.4.13/contrib/README.tablefunc
  /usr/share/doc/postgresql7.4-7.4.13/contrib/README.tsearch
  /usr/share/doc/postgresql7.4-7.4.13/contrib/README.tsearch2
  /usr/share/doc/postgresql7.4-7.4.13/contrib/README.user_locks
  /usr/share/doc/postgresql7.4-7.4.13/contrib/README.vacuumlo
  /usr/share/doc/postgresql7.4-7.4.13/contrib/autoinc.example
  /usr/share/doc/postgresql7.4-7.4.13/contrib/insert_username.example
  /usr/share/doc/postgresql7.4-7.4.13/contrib/moddatetime.example
  /usr/share/doc/postgresql7.4-7.4.13/contrib/refint.example
  /usr/share/doc/postgresql7.4-7.4.13/contrib/timetravel.example
  /usr/share/doc/postgresql7.4-7.4.13/html/LEGALNOTICE.html
  /usr/share/doc/postgresql7.4-7.4.13/html/admin.html
  /usr/share/doc/postgresql7.4-7.4.13/html/app-clusterdb.html
  /usr/share/doc/postgresql7.4-7.4.13/html/app-createdb.html
  /usr/share/doc/postgresql7.4-7.4.13/html/app-createlang.html
  /usr/share/doc/postgresql7.4-7.4.13/html/app-createuser.html
  /usr/share/doc/postgresql7.4-7.4.13/html/app-dropdb.html
  /usr/share/doc/postgresql7.4-7.4.13/html/app-droplang.html
  /usr/share/doc/postgresql7.4-7.4.13/html/app-dropuser.html
  /usr/share/doc/postgresql7.4-7.4.13/html/app-ecpg.html
  /usr/share/doc/postgresql7.4-7.4.13/html/app-initdb.html
  /usr/share/doc/postgresql7.4-7.4.13/html/app-initlocation.html
  /usr/share/doc/postgresql7.4-7.4.13/html/app-ipcclean.html
  /usr/share/doc/postgresql7.4-7.4.13/html/app-pg-ctl.html
  /usr/share/doc/postgresql7.4-7.4.13/html/app-pg-dumpall.html
  /usr/share/doc/postgresql7.4-7.4.13/html/app-pgconfig.html
  /usr/share/doc/postgresql7.4-7.4.13/html/app-pgcontroldata.html
  /usr/share/doc/postgresql7.4-7.4.13/html/app-pgdump.html
  /usr/share/doc/postgresql7.4-7.4.13/html/app-pgresetxlog.html
  /usr/share/doc/postgresql7.4-7.4.13/html/app-pgrestore.html
  /usr/share/doc/postgresql7.4-7.4.13/html/app-pgtclsh.html
  /usr/share/doc/postgresql7.4-7.4.13/html/app-pgtksh.html
  /usr/share/doc/postgresql7.4-7.4.13/html/app-postgres.html
  /usr/share/doc/postgresql7.4-7.4.13/html/app-postmaster.html
  /usr/share/doc/postgresql7.4-7.4.13/html/app-psql.html
  /usr/share/doc/postgresql7.4-7.4.13/html/app-vacuumdb.html
  /usr/share/doc/postgresql7.4-7.4.13/html/appendixes.html
  /usr/share/doc/postgresql7.4-7.4.13/html/applevel-consistency.html
  /usr/share/doc/postgresql7.4-7.4.13/html/arrays.html
  /usr/share/doc/postgresql7.4-7.4.13/html/auth-methods.html
  /usr/share/doc/postgresql7.4-7.4.13/html/backup-file.html
  /usr/share/doc/postgresql7.4-7.4.13/html/backup.html
  /usr/share/doc/postgresql7.4-7.4.13/html/biblio.html
  /usr/share/doc/postgresql7.4-7.4.13/html/bki-commands.html
  /usr/share/doc/postgresql7.4-7.4.13/html/bki-example.html
  /usr/share/doc/postgresql7.4-7.4.13/html/bki.html
  /usr/share/doc/postgresql7.4-7.4.13/html/bookindex.html
  /usr/share/doc/postgresql7.4-7.4.13/html/bug-reporting.html
  /usr/share/doc/postgresql7.4-7.4.13/html/catalog-pg-aggregate.html
  /usr/share/doc/postgresql7.4-7.4.13/html/catalog-pg-am.html
  /usr/share/doc/postgresql7.4-7.4.13/html/catalog-pg-amop.html
  /usr/share/doc/postgresql7.4-7.4.13/html/catalog-pg-amproc.html
  /usr/share/doc/postgresql7.4-7.4.13/html/catalog-pg-attrdef.html
  /usr/share/doc/postgresql7.4-7.4.13/html/catalog-pg-attribute.html
  /usr/share/doc/postgresql7.4-7.4.13/html/catalog-pg-cast.html
  /usr/share/doc/postgresql7.4-7.4.13/html/catalog-pg-class.html
  /usr/share/doc/postgresql7.4-7.4.13/html/catalog-pg-constraint.html
  /usr/share/doc/postgresql7.4-7.4.13/html/catalog-pg-conversion.html
  /usr/share/doc/postgresql7.4-7.4.13/html/catalog-pg-database.html
  /usr/share/doc/postgresql7.4-7.4.13/html/catalog-pg-depend.html
  /usr/share/doc/postgresql7.4-7.4.13/html/catalog-pg-description.html
  /usr/share/doc/postgresql7.4-7.4.13/html/catalog-pg-group.html
  /usr/share/doc/postgresql7.4-7.4.13/html/catalog-pg-index.html
  /usr/share/doc/postgresql7.4-7.4.13/html/catalog-pg-inherits.html
  /usr/share/doc/postgresql7.4-7.4.13/html/catalog-pg-language.html
  /usr/share/doc/postgresql7.4-7.4.13/html/catalog-pg-largeobject.html
  /usr/share/doc/postgresql7.4-7.4.13/html/catalog-pg-listener.html
  /usr/share/doc/postgresql7.4-7.4.13/html/catalog-pg-namespace.html
  /usr/share/doc/postgresql7.4-7.4.13/html/catalog-pg-opclass.html
  /usr/share/doc/postgresql7.4-7.4.13/html/catalog-pg-operator.html
  /usr/share/doc/postgresql7.4-7.4.13/html/catalog-pg-proc.html
  /usr/share/doc/postgresql7.4-7.4.13/html/catalog-pg-rewrite.html
  /usr/share/doc/postgresql7.4-7.4.13/html/catalog-pg-shadow.html
  /usr/share/doc/postgresql7.4-7.4.13/html/catalog-pg-statistic.html
  /usr/share/doc/postgresql7.4-7.4.13/html/catalog-pg-trigger.html
  /usr/share/doc/postgresql7.4-7.4.13/html/catalog-pg-type.html
  /usr/share/doc/postgresql7.4-7.4.13/html/catalogs.html
  /usr/share/doc/postgresql7.4-7.4.13/html/charset.html
  /usr/share/doc/postgresql7.4-7.4.13/html/client-authentication-problems.html
  /usr/share/doc/postgresql7.4-7.4.13/html/client-authentication.html
  /usr/share/doc/postgresql7.4-7.4.13/html/client-interfaces.html
  /usr/share/doc/postgresql7.4-7.4.13/html/connect-estab.html
  /usr/share/doc/postgresql7.4-7.4.13/html/creating-cluster.html
  /usr/share/doc/postgresql7.4-7.4.13/html/cvs-tree.html
  /usr/share/doc/postgresql7.4-7.4.13/html/cvs.html
  /usr/share/doc/postgresql7.4-7.4.13/html/cvsup.html
  /usr/share/doc/postgresql7.4-7.4.13/html/datatype-binary.html
  /usr/share/doc/postgresql7.4-7.4.13/html/datatype-bit.html
  /usr/share/doc/postgresql7.4-7.4.13/html/datatype-boolean.html
  /usr/share/doc/postgresql7.4-7.4.13/html/datatype-character.html
  /usr/share/doc/postgresql7.4-7.4.13/html/datatype-datetime.html
  /usr/share/doc/postgresql7.4-7.4.13/html/datatype-geometric.html
  /usr/share/doc/postgresql7.4-7.4.13/html/datatype-money.html
  /usr/share/doc/postgresql7.4-7.4.13/html/datatype-net-types.html
  /usr/share/doc/postgresql7.4-7.4.13/html/datatype-oid.html
  /usr/share/doc/postgresql7.4-7.4.13/html/datatype-pseudo.html
  /usr/share/doc/postgresql7.4-7.4.13/html/datatype.html
  /usr/share/doc/postgresql7.4-7.4.13/html/datetime-appendix.html
  /usr/share/doc/postgresql7.4-7.4.13/html/datetime-keywords.html
  /usr/share/doc/postgresql7.4-7.4.13/html/datetime-units-history.html
  /usr/share/doc/postgresql7.4-7.4.13/html/ddl-alter.html
  /usr/share/doc/postgresql7.4-7.4.13/html/ddl-constraints.html
  /usr/share/doc/postgresql7.4-7.4.13/html/ddl-default.html
  /usr/share/doc/postgresql7.4-7.4.13/html/ddl-depend.html
  /usr/share/doc/postgresql7.4-7.4.13/html/ddl-inherit.html
  /usr/share/doc/postgresql7.4-7.4.13/html/ddl-others.html
  /usr/share/doc/postgresql7.4-7.4.13/html/ddl-priv.html
  /usr/share/doc/postgresql7.4-7.4.13/html/ddl-schemas.html
  /usr/share/doc/postgresql7.4-7.4.13/html/ddl-system-columns.html
  /usr/share/doc/postgresql7.4-7.4.13/html/ddl.html
  /usr/share/doc/postgresql7.4-7.4.13/html/disk-full.html
  /usr/share/doc/postgresql7.4-7.4.13/html/diskusage.html
  /usr/share/doc/postgresql7.4-7.4.13/html/dml-delete.html
  /usr/share/doc/postgresql7.4-7.4.13/html/dml-update.html
  /usr/share/doc/postgresql7.4-7.4.13/html/dml.html
  /usr/share/doc/postgresql7.4-7.4.13/html/docguide-authoring.html
  /usr/share/doc/postgresql7.4-7.4.13/html/docguide-build.html
  /usr/share/doc/postgresql7.4-7.4.13/html/docguide-style.html
  /usr/share/doc/postgresql7.4-7.4.13/html/docguide-toolsets.html
  /usr/share/doc/postgresql7.4-7.4.13/html/docguide.html
  /usr/share/doc/postgresql7.4-7.4.13/html/ecpg-commands.html
  /usr/share/doc/postgresql7.4-7.4.13/html/ecpg-connect.html
  /usr/share/doc/postgresql7.4-7.4.13/html/ecpg-descriptors.html
  /usr/share/doc/postgresql7.4-7.4.13/html/ecpg-develop.html
  /usr/share/doc/postgresql7.4-7.4.13/html/ecpg-disconnect.html
  /usr/share/doc/postgresql7.4-7.4.13/html/ecpg-dynamic.html
  /usr/share/doc/postgresql7.4-7.4.13/html/ecpg-errors.html
  /usr/share/doc/postgresql7.4-7.4.13/html/ecpg-include.html
  /usr/share/doc/postgresql7.4-7.4.13/html/ecpg-library.html
  /usr/share/doc/postgresql7.4-7.4.13/html/ecpg-process.html
  /usr/share/doc/postgresql7.4-7.4.13/html/ecpg-set-connection.html
  /usr/share/doc/postgresql7.4-7.4.13/html/ecpg-variables.html
  /usr/share/doc/postgresql7.4-7.4.13/html/ecpg.html
  /usr/share/doc/postgresql7.4-7.4.13/html/errcodes-appendix.html
  /usr/share/doc/postgresql7.4-7.4.13/html/error-message-reporting.html
  /usr/share/doc/postgresql7.4-7.4.13/html/error-style-guide.html
  /usr/share/doc/postgresql7.4-7.4.13/html/examples.html
  /usr/share/doc/postgresql7.4-7.4.13/html/executor.html
  /usr/share/doc/postgresql7.4-7.4.13/html/explicit-joins.html
  /usr/share/doc/postgresql7.4-7.4.13/html/explicit-locking.html
  /usr/share/doc/postgresql7.4-7.4.13/html/extend-type-system.html
  /usr/share/doc/postgresql7.4-7.4.13/html/extend.html
  /usr/share/doc/postgresql7.4-7.4.13/html/extensibility.html
  /usr/share/doc/postgresql7.4-7.4.13/html/features.html
  /usr/share/doc/postgresql7.4-7.4.13/html/functions-aggregate.html
  /usr/share/doc/postgresql7.4-7.4.13/html/functions-array.html
  /usr/share/doc/postgresql7.4-7.4.13/html/functions-binarystring.html
  /usr/share/doc/postgresql7.4-7.4.13/html/functions-comparison.html
  /usr/share/doc/postgresql7.4-7.4.13/html/functions-comparisons.html
  /usr/share/doc/postgresql7.4-7.4.13/html/functions-conditional.html
  /usr/share/doc/postgresql7.4-7.4.13/html/functions-datetime.html
  /usr/share/doc/postgresql7.4-7.4.13/html/functions-formatting.html
  /usr/share/doc/postgresql7.4-7.4.13/html/functions-geometry.html
  /usr/share/doc/postgresql7.4-7.4.13/html/functions-matching.html
  /usr/share/doc/postgresql7.4-7.4.13/html/functions-math.html
  /usr/share/doc/postgresql7.4-7.4.13/html/functions-misc.html
  /usr/share/doc/postgresql7.4-7.4.13/html/functions-net.html
  /usr/share/doc/postgresql7.4-7.4.13/html/functions-sequence.html
  /usr/share/doc/postgresql7.4-7.4.13/html/functions-string.html
  /usr/share/doc/postgresql7.4-7.4.13/html/functions-subquery.html
  /usr/share/doc/postgresql7.4-7.4.13/html/functions.html
  /usr/share/doc/postgresql7.4-7.4.13/html/geqo-biblio.html
  /usr/share/doc/postgresql7.4-7.4.13/html/geqo-intro2.html
  /usr/share/doc/postgresql7.4-7.4.13/html/geqo-pg-intro.html
  /usr/share/doc/postgresql7.4-7.4.13/html/geqo.html
  /usr/share/doc/postgresql7.4-7.4.13/html/gist.html
  /usr/share/doc/postgresql7.4-7.4.13/html/groups.html
  /usr/share/doc/postgresql7.4-7.4.13/html/history.html
  /usr/share/doc/postgresql7.4-7.4.13/html/implementation.html
  /usr/share/doc/postgresql7.4-7.4.13/html/index.html
  /usr/share/doc/postgresql7.4-7.4.13/html/indexcost.html
  /usr/share/doc/postgresql7.4-7.4.13/html/indexes-examine.html
  /usr/share/doc/postgresql7.4-7.4.13/html/indexes-expressional.html
  /usr/share/doc/postgresql7.4-7.4.13/html/indexes-multicolumn.html
  /usr/share/doc/postgresql7.4-7.4.13/html/indexes-opclass.html
  /usr/share/doc/postgresql7.4-7.4.13/html/indexes-partial.html
  /usr/share/doc/postgresql7.4-7.4.13/html/indexes-types.html
  /usr/share/doc/postgresql7.4-7.4.13/html/indexes-unique.html
  /usr/share/doc/postgresql7.4-7.4.13/html/indexes.html
  /usr/share/doc/postgresql7.4-7.4.13/html/information-schema.html
  /usr/share/doc/postgresql7.4-7.4.13/html/infoschema-applicable-roles.html
  /usr/share/doc/postgresql7.4-7.4.13/html/infoschema-check-constraints.html
  /usr/share/doc/postgresql7.4-7.4.13/html/infoschema-column-domain-usage.html
  /usr/share/doc/postgresql7.4-7.4.13/html/infoschema-column-privileges.html
  /usr/share/doc/postgresql7.4-7.4.13/html/infoschema-column-udt-usage.html
  /usr/share/doc/postgresql7.4-7.4.13/html/infoschema-columns.html
  /usr/share/doc/postgresql7.4-7.4.13/html/infoschema-constraint-column-usage.html
  /usr/share/doc/postgresql7.4-7.4.13/html/infoschema-constraint-table-usage.html
  /usr/share/doc/postgresql7.4-7.4.13/html/infoschema-data-type-privileges.html
  /usr/share/doc/postgresql7.4-7.4.13/html/infoschema-datatypes.html
  /usr/share/doc/postgresql7.4-7.4.13/html/infoschema-domain-constraints.html
  /usr/share/doc/postgresql7.4-7.4.13/html/infoschema-domain-udt-usage.html
  /usr/share/doc/postgresql7.4-7.4.13/html/infoschema-domains.html
  /usr/share/doc/postgresql7.4-7.4.13/html/infoschema-element-types.html
  /usr/share/doc/postgresql7.4-7.4.13/html/infoschema-enabled-roles.html
  /usr/share/doc/postgresql7.4-7.4.13/html/infoschema-information-schema-catalog-name.html
  /usr/share/doc/postgresql7.4-7.4.13/html/infoschema-key-column-usage.html
  /usr/share/doc/postgresql7.4-7.4.13/html/infoschema-parameters.html
  /usr/share/doc/postgresql7.4-7.4.13/html/infoschema-referential-constraints.html
  /usr/share/doc/postgresql7.4-7.4.13/html/infoschema-role-column-grants.html
  /usr/share/doc/postgresql7.4-7.4.13/html/infoschema-role-routine-grants.html
  /usr/share/doc/postgresql7.4-7.4.13/html/infoschema-role-table-grants.html
  /usr/share/doc/postgresql7.4-7.4.13/html/infoschema-role-usage-grants.html
  /usr/share/doc/postgresql7.4-7.4.13/html/infoschema-routine-privileges.html
  /usr/share/doc/postgresql7.4-7.4.13/html/infoschema-routines.html
  /usr/share/doc/postgresql7.4-7.4.13/html/infoschema-schemata.html
  /usr/share/doc/postgresql7.4-7.4.13/html/infoschema-sql-features.html
  /usr/share/doc/postgresql7.4-7.4.13/html/infoschema-sql-implementation-info.html
  /usr/share/doc/postgresql7.4-7.4.13/html/infoschema-sql-languages.html
  /usr/share/doc/postgresql7.4-7.4.13/html/infoschema-sql-packages.html
  /usr/share/doc/postgresql7.4-7.4.13/html/infoschema-sql-sizing-profiles.html
  /usr/share/doc/postgresql7.4-7.4.13/html/infoschema-sql-sizing.html
  /usr/share/doc/postgresql7.4-7.4.13/html/infoschema-table-constraints.html
  /usr/share/doc/postgresql7.4-7.4.13/html/infoschema-table-privileges.html
  /usr/share/doc/postgresql7.4-7.4.13/html/infoschema-tables.html
  /usr/share/doc/postgresql7.4-7.4.13/html/infoschema-triggers.html
  /usr/share/doc/postgresql7.4-7.4.13/html/infoschema-usage-privileges.html
  /usr/share/doc/postgresql7.4-7.4.13/html/infoschema-view-column-usage.html
  /usr/share/doc/postgresql7.4-7.4.13/html/infoschema-view-table-usage.html
  /usr/share/doc/postgresql7.4-7.4.13/html/infoschema-views.html
  /usr/share/doc/postgresql7.4-7.4.13/html/install-getsource.html
  /usr/share/doc/postgresql7.4-7.4.13/html/install-post.html
  /usr/share/doc/postgresql7.4-7.4.13/html/install-procedure.html
  /usr/share/doc/postgresql7.4-7.4.13/html/install-requirements.html
  /usr/share/doc/postgresql7.4-7.4.13/html/install-upgrading.html
  /usr/share/doc/postgresql7.4-7.4.13/html/install-win32.html
  /usr/share/doc/postgresql7.4-7.4.13/html/installation.html
  /usr/share/doc/postgresql7.4-7.4.13/html/internals.html
  /usr/share/doc/postgresql7.4-7.4.13/html/jdbc-binary-data.html
  /usr/share/doc/postgresql7.4-7.4.13/html/jdbc-callproc.html
  /usr/share/doc/postgresql7.4-7.4.13/html/jdbc-datasource.html
  /usr/share/doc/postgresql7.4-7.4.13/html/jdbc-ddl.html
  /usr/share/doc/postgresql7.4-7.4.13/html/jdbc-ext.html
  /usr/share/doc/postgresql7.4-7.4.13/html/jdbc-query.html
  /usr/share/doc/postgresql7.4-7.4.13/html/jdbc-reading.html
  /usr/share/doc/postgresql7.4-7.4.13/html/jdbc-thread.html
  /usr/share/doc/postgresql7.4-7.4.13/html/jdbc-update.html
  /usr/share/doc/postgresql7.4-7.4.13/html/jdbc-use.html
  /usr/share/doc/postgresql7.4-7.4.13/html/jdbc.html
  /usr/share/doc/postgresql7.4-7.4.13/html/kernel-resources.html
  /usr/share/doc/postgresql7.4-7.4.13/html/largeobjects.html
  /usr/share/doc/postgresql7.4-7.4.13/html/libpgtcl-loading.html
  /usr/share/doc/postgresql7.4-7.4.13/html/libpgtcl-ref.html
  /usr/share/doc/postgresql7.4-7.4.13/html/libpq-async.html
  /usr/share/doc/postgresql7.4-7.4.13/html/libpq-build.html
  /usr/share/doc/postgresql7.4-7.4.13/html/libpq-control.html
  /usr/share/doc/postgresql7.4-7.4.13/html/libpq-copy.html
  /usr/share/doc/postgresql7.4-7.4.13/html/libpq-envars.html
  /usr/share/doc/postgresql7.4-7.4.13/html/libpq-example.html
  /usr/share/doc/postgresql7.4-7.4.13/html/libpq-exec.html
  /usr/share/doc/postgresql7.4-7.4.13/html/libpq-fastpath.html
  /usr/share/doc/postgresql7.4-7.4.13/html/libpq-notice-processing.html
  /usr/share/doc/postgresql7.4-7.4.13/html/libpq-notify.html
  /usr/share/doc/postgresql7.4-7.4.13/html/libpq-pgpass.html
  /usr/share/doc/postgresql7.4-7.4.13/html/libpq-status.html
  /usr/share/doc/postgresql7.4-7.4.13/html/libpq-threading.html
  /usr/share/doc/postgresql7.4-7.4.13/html/libpq.html
  /usr/share/doc/postgresql7.4-7.4.13/html/limitations.html
  /usr/share/doc/postgresql7.4-7.4.13/html/lo-examplesect.html
  /usr/share/doc/postgresql7.4-7.4.13/html/lo-funcs.html
  /usr/share/doc/postgresql7.4-7.4.13/html/lo-implementation.html
  /usr/share/doc/postgresql7.4-7.4.13/html/lo-interfaces.html
  /usr/share/doc/postgresql7.4-7.4.13/html/locking-indexes.html
  /usr/share/doc/postgresql7.4-7.4.13/html/logfile-maintenance.html
  /usr/share/doc/postgresql7.4-7.4.13/html/maintenance.html
  /usr/share/doc/postgresql7.4-7.4.13/html/manage-ag-alternate-locs.html
  /usr/share/doc/postgresql7.4-7.4.13/html/manage-ag-config.html
  /usr/share/doc/postgresql7.4-7.4.13/html/manage-ag-createdb.html
  /usr/share/doc/postgresql7.4-7.4.13/html/manage-ag-dropdb.html
  /usr/share/doc/postgresql7.4-7.4.13/html/manage-ag-templatedbs.html
  /usr/share/doc/postgresql7.4-7.4.13/html/managing-databases.html
  /usr/share/doc/postgresql7.4-7.4.13/html/migration.html
  /usr/share/doc/postgresql7.4-7.4.13/html/monitoring-locks.html
  /usr/share/doc/postgresql7.4-7.4.13/html/monitoring-stats.html
  /usr/share/doc/postgresql7.4-7.4.13/html/monitoring.html
  /usr/share/doc/postgresql7.4-7.4.13/html/multibyte.html
  /usr/share/doc/postgresql7.4-7.4.13/html/mvcc.html
  /usr/share/doc/postgresql7.4-7.4.13/html/nls-programmer.html
  /usr/share/doc/postgresql7.4-7.4.13/html/nls.html
  /usr/share/doc/postgresql7.4-7.4.13/html/notation.html
  /usr/share/doc/postgresql7.4-7.4.13/html/overview.html
  /usr/share/doc/postgresql7.4-7.4.13/html/page.html
  /usr/share/doc/postgresql7.4-7.4.13/html/parser-stage.html
  /usr/share/doc/postgresql7.4-7.4.13/html/performance-tips.html
  /usr/share/doc/postgresql7.4-7.4.13/html/perm-functions.html
  /usr/share/doc/postgresql7.4-7.4.13/html/pgtcl-examplesect.html
  /usr/share/doc/postgresql7.4-7.4.13/html/pgtcl-pgconndefaults.html
  /usr/share/doc/postgresql7.4-7.4.13/html/pgtcl-pgconnect.html
  /usr/share/doc/postgresql7.4-7.4.13/html/pgtcl-pgdisconnect.html
  /usr/share/doc/postgresql7.4-7.4.13/html/pgtcl-pgexec.html
  /usr/share/doc/postgresql7.4-7.4.13/html/pgtcl-pgexecute.html
  /usr/share/doc/postgresql7.4-7.4.13/html/pgtcl-pglisten.html
  /usr/share/doc/postgresql7.4-7.4.13/html/pgtcl-pgloclose.html
  /usr/share/doc/postgresql7.4-7.4.13/html/pgtcl-pglocreat.html
  /usr/share/doc/postgresql7.4-7.4.13/html/pgtcl-pgloexport.html
  /usr/share/doc/postgresql7.4-7.4.13/html/pgtcl-pgloimport.html
  /usr/share/doc/postgresql7.4-7.4.13/html/pgtcl-pglolseek.html
  /usr/share/doc/postgresql7.4-7.4.13/html/pgtcl-pgloopen.html
  /usr/share/doc/postgresql7.4-7.4.13/html/pgtcl-pgloread.html
  /usr/share/doc/postgresql7.4-7.4.13/html/pgtcl-pglotell.html
  /usr/share/doc/postgresql7.4-7.4.13/html/pgtcl-pglounlink.html
  /usr/share/doc/postgresql7.4-7.4.13/html/pgtcl-pglowrite.html
  /usr/share/doc/postgresql7.4-7.4.13/html/pgtcl-pgon-connection-loss.html
  /usr/share/doc/postgresql7.4-7.4.13/html/pgtcl-pgresult.html
  /usr/share/doc/postgresql7.4-7.4.13/html/pgtcl-pgselect.html
  /usr/share/doc/postgresql7.4-7.4.13/html/pgtcl.html
  /usr/share/doc/postgresql7.4-7.4.13/html/planner-optimizer.html
  /usr/share/doc/postgresql7.4-7.4.13/html/planner-stats.html
  /usr/share/doc/postgresql7.4-7.4.13/html/plhandler.html
  /usr/share/doc/postgresql7.4-7.4.13/html/plperl-data.html
  /usr/share/doc/postgresql7.4-7.4.13/html/plperl-database.html
  /usr/share/doc/postgresql7.4-7.4.13/html/plperl-missing.html
  /usr/share/doc/postgresql7.4-7.4.13/html/plperl-trusted.html
  /usr/share/doc/postgresql7.4-7.4.13/html/plperl.html
  /usr/share/doc/postgresql7.4-7.4.13/html/plpgsql-control-structures.html
  /usr/share/doc/postgresql7.4-7.4.13/html/plpgsql-cursors.html
  /usr/share/doc/postgresql7.4-7.4.13/html/plpgsql-declarations.html
  /usr/share/doc/postgresql7.4-7.4.13/html/plpgsql-development-tips.html
  /usr/share/doc/postgresql7.4-7.4.13/html/plpgsql-errors-and-messages.html
  /usr/share/doc/postgresql7.4-7.4.13/html/plpgsql-expressions.html
  /usr/share/doc/postgresql7.4-7.4.13/html/plpgsql-porting.html
  /usr/share/doc/postgresql7.4-7.4.13/html/plpgsql-statements.html
  /usr/share/doc/postgresql7.4-7.4.13/html/plpgsql-structure.html
  /usr/share/doc/postgresql7.4-7.4.13/html/plpgsql-trigger.html
  /usr/share/doc/postgresql7.4-7.4.13/html/plpgsql.html
  /usr/share/doc/postgresql7.4-7.4.13/html/plpython-database.html
  /usr/share/doc/postgresql7.4-7.4.13/html/plpython-trigger.html
  /usr/share/doc/postgresql7.4-7.4.13/html/plpython.html
  /usr/share/doc/postgresql7.4-7.4.13/html/pltcl-data.html
  /usr/share/doc/postgresql7.4-7.4.13/html/pltcl-dbaccess.html
  /usr/share/doc/postgresql7.4-7.4.13/html/pltcl-functions.html
  /usr/share/doc/postgresql7.4-7.4.13/html/pltcl-global.html
  /usr/share/doc/postgresql7.4-7.4.13/html/pltcl-procnames.html
  /usr/share/doc/postgresql7.4-7.4.13/html/pltcl-trigger.html
  /usr/share/doc/postgresql7.4-7.4.13/html/pltcl-unknown.html
  /usr/share/doc/postgresql7.4-7.4.13/html/pltcl.html
  /usr/share/doc/postgresql7.4-7.4.13/html/populate.html
  /usr/share/doc/postgresql7.4-7.4.13/html/postmaster-shutdown.html
  /usr/share/doc/postgresql7.4-7.4.13/html/postmaster-start.html
  /usr/share/doc/postgresql7.4-7.4.13/html/preface.html
  /usr/share/doc/postgresql7.4-7.4.13/html/privileges.html
  /usr/share/doc/postgresql7.4-7.4.13/html/protocol-changes.html
  /usr/share/doc/postgresql7.4-7.4.13/html/protocol-error-fields.html
  /usr/share/doc/postgresql7.4-7.4.13/html/protocol-flow.html
  /usr/share/doc/postgresql7.4-7.4.13/html/protocol-message-formats.html
  /usr/share/doc/postgresql7.4-7.4.13/html/protocol-message-types.html
  /usr/share/doc/postgresql7.4-7.4.13/html/protocol.html
  /usr/share/doc/postgresql7.4-7.4.13/html/queries-limit.html
  /usr/share/doc/postgresql7.4-7.4.13/html/queries-order.html
  /usr/share/doc/postgresql7.4-7.4.13/html/queries-select-lists.html
  /usr/share/doc/postgresql7.4-7.4.13/html/queries-table-expressions.html
  /usr/share/doc/postgresql7.4-7.4.13/html/queries-union.html
  /usr/share/doc/postgresql7.4-7.4.13/html/queries.html
  /usr/share/doc/postgresql7.4-7.4.13/html/reference-client.html
  /usr/share/doc/postgresql7.4-7.4.13/html/reference-server.html
  /usr/share/doc/postgresql7.4-7.4.13/html/reference.html
  /usr/share/doc/postgresql7.4-7.4.13/html/regress-evaluation.html
  /usr/share/doc/postgresql7.4-7.4.13/html/regress-platform.html
  /usr/share/doc/postgresql7.4-7.4.13/html/regress.html
  /usr/share/doc/postgresql7.4-7.4.13/html/release-0-01.html
  /usr/share/doc/postgresql7.4-7.4.13/html/release-0-02.html
  /usr/share/doc/postgresql7.4-7.4.13/html/release-0-03.html
  /usr/share/doc/postgresql7.4-7.4.13/html/release-1-0.html
  /usr/share/doc/postgresql7.4-7.4.13/html/release-1-01.html
  /usr/share/doc/postgresql7.4-7.4.13/html/release-1-02.html
  /usr/share/doc/postgresql7.4-7.4.13/html/release-1-09.html
  /usr/share/doc/postgresql7.4-7.4.13/html/release-6-0.html
  /usr/share/doc/postgresql7.4-7.4.13/html/release-6-1-1.html
  /usr/share/doc/postgresql7.4-7.4.13/html/release-6-1.html
  /usr/share/doc/postgresql7.4-7.4.13/html/release-6-2-1.html
  /usr/share/doc/postgresql7.4-7.4.13/html/release-6-2.html
  /usr/share/doc/postgresql7.4-7.4.13/html/release-6-3-1.html
  /usr/share/doc/postgresql7.4-7.4.13/html/release-6-3-2.html
  /usr/share/doc/postgresql7.4-7.4.13/html/release-6-3.html
  /usr/share/doc/postgresql7.4-7.4.13/html/release-6-4-1.html
  /usr/share/doc/postgresql7.4-7.4.13/html/release-6-4-2.html
  /usr/share/doc/postgresql7.4-7.4.13/html/release-6-4.html
  /usr/share/doc/postgresql7.4-7.4.13/html/release-6-5-1.html
  /usr/share/doc/postgresql7.4-7.4.13/html/release-6-5-2.html
  /usr/share/doc/postgresql7.4-7.4.13/html/release-6-5-3.html
  /usr/share/doc/postgresql7.4-7.4.13/html/release-6-5.html
  /usr/share/doc/postgresql7.4-7.4.13/html/release-7-0-1.html
  /usr/share/doc/postgresql7.4-7.4.13/html/release-7-0-2.html
  /usr/share/doc/postgresql7.4-7.4.13/html/release-7-0-3.html
  /usr/share/doc/postgresql7.4-7.4.13/html/release-7-0.html
  /usr/share/doc/postgresql7.4-7.4.13/html/release-7-1-1.html
  /usr/share/doc/postgresql7.4-7.4.13/html/release-7-1-2.html
  /usr/share/doc/postgresql7.4-7.4.13/html/release-7-1-3.html
  /usr/share/doc/postgresql7.4-7.4.13/html/release-7-1.html
  /usr/share/doc/postgresql7.4-7.4.13/html/release-7-2-1.html
  /usr/share/doc/postgresql7.4-7.4.13/html/release-7-2-2.html
  /usr/share/doc/postgresql7.4-7.4.13/html/release-7-2-3.html
  /usr/share/doc/postgresql7.4-7.4.13/html/release-7-2-4.html
  /usr/share/doc/postgresql7.4-7.4.13/html/release-7-2-5.html
  /usr/share/doc/postgresql7.4-7.4.13/html/release-7-2-6.html
  /usr/share/doc/postgresql7.4-7.4.13/html/release-7-2-7.html
  /usr/share/doc/postgresql7.4-7.4.13/html/release-7-2-8.html
  /usr/share/doc/postgresql7.4-7.4.13/html/release-7-2.html
  /usr/share/doc/postgresql7.4-7.4.13/html/release-7-3-1.html
  /usr/share/doc/postgresql7.4-7.4.13/html/release-7-3-10.html
  /usr/share/doc/postgresql7.4-7.4.13/html/release-7-3-11.html
  /usr/share/doc/postgresql7.4-7.4.13/html/release-7-3-12.html
  /usr/share/doc/postgresql7.4-7.4.13/html/release-7-3-13.html
  /usr/share/doc/postgresql7.4-7.4.13/html/release-7-3-14.html
  /usr/share/doc/postgresql7.4-7.4.13/html/release-7-3-15.html
  /usr/share/doc/postgresql7.4-7.4.13/html/release-7-3-2.html
  /usr/share/doc/postgresql7.4-7.4.13/html/release-7-3-3.html
  /usr/share/doc/postgresql7.4-7.4.13/html/release-7-3-4.html
  /usr/share/doc/postgresql7.4-7.4.13/html/release-7-3-5.html
  /usr/share/doc/postgresql7.4-7.4.13/html/release-7-3-6.html
  /usr/share/doc/postgresql7.4-7.4.13/html/release-7-3-7.html
  /usr/share/doc/postgresql7.4-7.4.13/html/release-7-3-8.html
  /usr/share/doc/postgresql7.4-7.4.13/html/release-7-3-9.html
  /usr/share/doc/postgresql7.4-7.4.13/html/release-7-3.html
  /usr/share/doc/postgresql7.4-7.4.13/html/release-7-4-1.html
  /usr/share/doc/postgresql7.4-7.4.13/html/release-7-4-10.html
  /usr/share/doc/postgresql7.4-7.4.13/html/release-7-4-11.html
  /usr/share/doc/postgresql7.4-7.4.13/html/release-7-4-12.html
  /usr/share/doc/postgresql7.4-7.4.13/html/release-7-4-2.html
  /usr/share/doc/postgresql7.4-7.4.13/html/release-7-4-3.html
  /usr/share/doc/postgresql7.4-7.4.13/html/release-7-4-4.html
  /usr/share/doc/postgresql7.4-7.4.13/html/release-7-4-5.html
  /usr/share/doc/postgresql7.4-7.4.13/html/release-7-4-6.html
  /usr/share/doc/postgresql7.4-7.4.13/html/release-7-4-7.html
  /usr/share/doc/postgresql7.4-7.4.13/html/release-7-4-8.html
  /usr/share/doc/postgresql7.4-7.4.13/html/release-7-4-9.html
  /usr/share/doc/postgresql7.4-7.4.13/html/release-7-4.html
  /usr/share/doc/postgresql7.4-7.4.13/html/release.html
  /usr/share/doc/postgresql7.4-7.4.13/html/resources.html
  /usr/share/doc/postgresql7.4-7.4.13/html/routine-reindex.html
  /usr/share/doc/postgresql7.4-7.4.13/html/rule-system.html
  /usr/share/doc/postgresql7.4-7.4.13/html/rules-privileges.html
  /usr/share/doc/postgresql7.4-7.4.13/html/rules-status.html
  /usr/share/doc/postgresql7.4-7.4.13/html/rules-triggers.html
  /usr/share/doc/postgresql7.4-7.4.13/html/rules-update.html
  /usr/share/doc/postgresql7.4-7.4.13/html/rules-views.html
  /usr/share/doc/postgresql7.4-7.4.13/html/rules.html
  /usr/share/doc/postgresql7.4-7.4.13/html/runtime-config.html
  /usr/share/doc/postgresql7.4-7.4.13/html/runtime.html
  /usr/share/doc/postgresql7.4-7.4.13/html/server-programming.html
  /usr/share/doc/postgresql7.4-7.4.13/html/source.html
  /usr/share/doc/postgresql7.4-7.4.13/html/spi-examples.html
  /usr/share/doc/postgresql7.4-7.4.13/html/spi-interface-support.html
  /usr/share/doc/postgresql7.4-7.4.13/html/spi-memory.html
  /usr/share/doc/postgresql7.4-7.4.13/html/spi-realloc.html
  /usr/share/doc/postgresql7.4-7.4.13/html/spi-spi-connect.html
  /usr/share/doc/postgresql7.4-7.4.13/html/spi-spi-copytuple.html
  /usr/share/doc/postgresql7.4-7.4.13/html/spi-spi-copytupledesc.html
  /usr/share/doc/postgresql7.4-7.4.13/html/spi-spi-copytupleintoslot.html
  /usr/share/doc/postgresql7.4-7.4.13/html/spi-spi-cursor-close.html
  /usr/share/doc/postgresql7.4-7.4.13/html/spi-spi-cursor-fetch.html
  /usr/share/doc/postgresql7.4-7.4.13/html/spi-spi-cursor-find.html
  /usr/share/doc/postgresql7.4-7.4.13/html/spi-spi-cursor-move.html
  /usr/share/doc/postgresql7.4-7.4.13/html/spi-spi-cursor-open.html
  /usr/share/doc/postgresql7.4-7.4.13/html/spi-spi-exec.html
  /usr/share/doc/postgresql7.4-7.4.13/html/spi-spi-execp.html
  /usr/share/doc/postgresql7.4-7.4.13/html/spi-spi-finish.html
  /usr/share/doc/postgresql7.4-7.4.13/html/spi-spi-fname.html
  /usr/share/doc/postgresql7.4-7.4.13/html/spi-spi-fnumber.html
  /usr/share/doc/postgresql7.4-7.4.13/html/spi-spi-freeplan.html
  /usr/share/doc/postgresql7.4-7.4.13/html/spi-spi-freetuple.html
  /usr/share/doc/postgresql7.4-7.4.13/html/spi-spi-freetupletable.html
  /usr/share/doc/postgresql7.4-7.4.13/html/spi-spi-getbinval.html
  /usr/share/doc/postgresql7.4-7.4.13/html/spi-spi-getrelname.html
  /usr/share/doc/postgresql7.4-7.4.13/html/spi-spi-gettype.html
  /usr/share/doc/postgresql7.4-7.4.13/html/spi-spi-gettypeid.html
  /usr/share/doc/postgresql7.4-7.4.13/html/spi-spi-getvalue.html
  /usr/share/doc/postgresql7.4-7.4.13/html/spi-spi-modifytuple.html
  /usr/share/doc/postgresql7.4-7.4.13/html/spi-spi-palloc.html
  /usr/share/doc/postgresql7.4-7.4.13/html/spi-spi-pfree.html
  /usr/share/doc/postgresql7.4-7.4.13/html/spi-spi-prepare.html
  /usr/share/doc/postgresql7.4-7.4.13/html/spi-spi-saveplan.html
  /usr/share/doc/postgresql7.4-7.4.13/html/spi-visibility.html
  /usr/share/doc/postgresql7.4-7.4.13/html/spi.html
  /usr/share/doc/postgresql7.4-7.4.13/html/sql-abort.html
  /usr/share/doc/postgresql7.4-7.4.13/html/sql-alteraggregate.html
  /usr/share/doc/postgresql7.4-7.4.13/html/sql-alterconversion.html
  /usr/share/doc/postgresql7.4-7.4.13/html/sql-alterdatabase.html
  /usr/share/doc/postgresql7.4-7.4.13/html/sql-alterdomain.html
  /usr/share/doc/postgresql7.4-7.4.13/html/sql-alterfunction.html
  /usr/share/doc/postgresql7.4-7.4.13/html/sql-altergroup.html
  /usr/share/doc/postgresql7.4-7.4.13/html/sql-alterlanguage.html
  /usr/share/doc/postgresql7.4-7.4.13/html/sql-alteropclass.html
  /usr/share/doc/postgresql7.4-7.4.13/html/sql-alterschema.html
  /usr/share/doc/postgresql7.4-7.4.13/html/sql-altersequence.html
  /usr/share/doc/postgresql7.4-7.4.13/html/sql-altertable.html
  /usr/share/doc/postgresql7.4-7.4.13/html/sql-altertrigger.html
  /usr/share/doc/postgresql7.4-7.4.13/html/sql-alteruser.html
  /usr/share/doc/postgresql7.4-7.4.13/html/sql-analyze.html
  /usr/share/doc/postgresql7.4-7.4.13/html/sql-begin.html
  /usr/share/doc/postgresql7.4-7.4.13/html/sql-checkpoint.html
  /usr/share/doc/postgresql7.4-7.4.13/html/sql-close.html
  /usr/share/doc/postgresql7.4-7.4.13/html/sql-cluster.html
  /usr/share/doc/postgresql7.4-7.4.13/html/sql-commands.html
  /usr/share/doc/postgresql7.4-7.4.13/html/sql-comment.html
  /usr/share/doc/postgresql7.4-7.4.13/html/sql-commit.html
  /usr/share/doc/postgresql7.4-7.4.13/html/sql-copy.html
  /usr/share/doc/postgresql7.4-7.4.13/html/sql-createaggregate.html
  /usr/share/doc/postgresql7.4-7.4.13/html/sql-createcast.html
  /usr/share/doc/postgresql7.4-7.4.13/html/sql-createconstraint.html
  /usr/share/doc/postgresql7.4-7.4.13/html/sql-createconversion.html
  /usr/share/doc/postgresql7.4-7.4.13/html/sql-createdatabase.html
  /usr/share/doc/postgresql7.4-7.4.13/html/sql-createdomain.html
  /usr/share/doc/postgresql7.4-7.4.13/html/sql-createfunction.html
  /usr/share/doc/postgresql7.4-7.4.13/html/sql-creategroup.html
  /usr/share/doc/postgresql7.4-7.4.13/html/sql-createindex.html
  /usr/share/doc/postgresql7.4-7.4.13/html/sql-createlanguage.html
  /usr/share/doc/postgresql7.4-7.4.13/html/sql-createopclass.html
  /usr/share/doc/postgresql7.4-7.4.13/html/sql-createoperator.html
  /usr/share/doc/postgresql7.4-7.4.13/html/sql-createrule.html
  /usr/share/doc/postgresql7.4-7.4.13/html/sql-createschema.html
  /usr/share/doc/postgresql7.4-7.4.13/html/sql-createsequence.html
  /usr/share/doc/postgresql7.4-7.4.13/html/sql-createtable.html
  /usr/share/doc/postgresql7.4-7.4.13/html/sql-createtableas.html
  /usr/share/doc/postgresql7.4-7.4.13/html/sql-createtrigger.html
  /usr/share/doc/postgresql7.4-7.4.13/html/sql-createtype.html
  /usr/share/doc/postgresql7.4-7.4.13/html/sql-createuser.html
  /usr/share/doc/postgresql7.4-7.4.13/html/sql-createview.html
  /usr/share/doc/postgresql7.4-7.4.13/html/sql-deallocate.html
  /usr/share/doc/postgresql7.4-7.4.13/html/sql-declare.html
  /usr/share/doc/postgresql7.4-7.4.13/html/sql-delete.html
  /usr/share/doc/postgresql7.4-7.4.13/html/sql-dropaggregate.html
  /usr/share/doc/postgresql7.4-7.4.13/html/sql-dropcast.html
  /usr/share/doc/postgresql7.4-7.4.13/html/sql-dropconversion.html
  /usr/share/doc/postgresql7.4-7.4.13/html/sql-dropdatabase.html
  /usr/share/doc/postgresql7.4-7.4.13/html/sql-dropdomain.html
  /usr/share/doc/postgresql7.4-7.4.13/html/sql-dropfunction.html
  /usr/share/doc/postgresql7.4-7.4.13/html/sql-dropgroup.html
  /usr/share/doc/postgresql7.4-7.4.13/html/sql-dropindex.html
  /usr/share/doc/postgresql7.4-7.4.13/html/sql-droplanguage.html
  /usr/share/doc/postgresql7.4-7.4.13/html/sql-dropopclass.html
  /usr/share/doc/postgresql7.4-7.4.13/html/sql-dropoperator.html
  /usr/share/doc/postgresql7.4-7.4.13/html/sql-droprule.html
  /usr/share/doc/postgresql7.4-7.4.13/html/sql-dropschema.html
  /usr/share/doc/postgresql7.4-7.4.13/html/sql-dropsequence.html
  /usr/share/doc/postgresql7.4-7.4.13/html/sql-droptable.html
  /usr/share/doc/postgresql7.4-7.4.13/html/sql-droptrigger.html
  /usr/share/doc/postgresql7.4-7.4.13/html/sql-droptype.html
  /usr/share/doc/postgresql7.4-7.4.13/html/sql-dropuser.html
  /usr/share/doc/postgresql7.4-7.4.13/html/sql-dropview.html
  /usr/share/doc/postgresql7.4-7.4.13/html/sql-end.html
  /usr/share/doc/postgresql7.4-7.4.13/html/sql-execute.html
  /usr/share/doc/postgresql7.4-7.4.13/html/sql-explain.html
  /usr/share/doc/postgresql7.4-7.4.13/html/sql-expressions.html
  /usr/share/doc/postgresql7.4-7.4.13/html/sql-fetch.html
  /usr/share/doc/postgresql7.4-7.4.13/html/sql-grant.html
  /usr/share/doc/postgresql7.4-7.4.13/html/sql-insert.html
  /usr/share/doc/postgresql7.4-7.4.13/html/sql-keywords-appendix.html
  /usr/share/doc/postgresql7.4-7.4.13/html/sql-listen.html
  /usr/share/doc/postgresql7.4-7.4.13/html/sql-load.html
  /usr/share/doc/postgresql7.4-7.4.13/html/sql-lock.html
  /usr/share/doc/postgresql7.4-7.4.13/html/sql-move.html
  /usr/share/doc/postgresql7.4-7.4.13/html/sql-notify.html
  /usr/share/doc/postgresql7.4-7.4.13/html/sql-prepare.html
  /usr/share/doc/postgresql7.4-7.4.13/html/sql-reindex.html
  /usr/share/doc/postgresql7.4-7.4.13/html/sql-reset.html
  /usr/share/doc/postgresql7.4-7.4.13/html/sql-revoke.html
  /usr/share/doc/postgresql7.4-7.4.13/html/sql-rollback.html
  /usr/share/doc/postgresql7.4-7.4.13/html/sql-select.html
  /usr/share/doc/postgresql7.4-7.4.13/html/sql-selectinto.html
  /usr/share/doc/postgresql7.4-7.4.13/html/sql-set-constraints.html
  /usr/share/doc/postgresql7.4-7.4.13/html/sql-set-session-authorization.html
  /usr/share/doc/postgresql7.4-7.4.13/html/sql-set-transaction.html
  /usr/share/doc/postgresql7.4-7.4.13/html/sql-set.html
  /usr/share/doc/postgresql7.4-7.4.13/html/sql-show.html
  /usr/share/doc/postgresql7.4-7.4.13/html/sql-start-transaction.html
  /usr/share/doc/postgresql7.4-7.4.13/html/sql-syntax.html
  /usr/share/doc/postgresql7.4-7.4.13/html/sql-truncate.html
  /usr/share/doc/postgresql7.4-7.4.13/html/sql-unlisten.html
  /usr/share/doc/postgresql7.4-7.4.13/html/sql-update.html
  /usr/share/doc/postgresql7.4-7.4.13/html/sql-vacuum.html
  /usr/share/doc/postgresql7.4-7.4.13/html/sql.html
  /usr/share/doc/postgresql7.4-7.4.13/html/ssh-tunnels.html
  /usr/share/doc/postgresql7.4-7.4.13/html/ssl-tcp.html
  /usr/share/doc/postgresql7.4-7.4.13/html/stylesheet.css
  /usr/share/doc/postgresql7.4-7.4.13/html/supported-platforms.html
  /usr/share/doc/postgresql7.4-7.4.13/html/transaction-iso.html
  /usr/share/doc/postgresql7.4-7.4.13/html/trigger-datachanges.html
  /usr/share/doc/postgresql7.4-7.4.13/html/trigger-example.html
  /usr/share/doc/postgresql7.4-7.4.13/html/trigger-interface.html
  /usr/share/doc/postgresql7.4-7.4.13/html/triggers.html
  /usr/share/doc/postgresql7.4-7.4.13/html/tutorial-accessdb.html
  /usr/share/doc/postgresql7.4-7.4.13/html/tutorial-advanced.html
  /usr/share/doc/postgresql7.4-7.4.13/html/tutorial-agg.html
  /usr/share/doc/postgresql7.4-7.4.13/html/tutorial-arch.html
  /usr/share/doc/postgresql7.4-7.4.13/html/tutorial-concepts.html
  /usr/share/doc/postgresql7.4-7.4.13/html/tutorial-conclusion.html
  /usr/share/doc/postgresql7.4-7.4.13/html/tutorial-createdb.html
  /usr/share/doc/postgresql7.4-7.4.13/html/tutorial-delete.html
  /usr/share/doc/postgresql7.4-7.4.13/html/tutorial-fk.html
  /usr/share/doc/postgresql7.4-7.4.13/html/tutorial-inheritance.html
  /usr/share/doc/postgresql7.4-7.4.13/html/tutorial-join.html
  /usr/share/doc/postgresql7.4-7.4.13/html/tutorial-populate.html
  /usr/share/doc/postgresql7.4-7.4.13/html/tutorial-select.html
  /usr/share/doc/postgresql7.4-7.4.13/html/tutorial-sql.html
  /usr/share/doc/postgresql7.4-7.4.13/html/tutorial-start.html
  /usr/share/doc/postgresql7.4-7.4.13/html/tutorial-table.html
  /usr/share/doc/postgresql7.4-7.4.13/html/tutorial-transactions.html
  /usr/share/doc/postgresql7.4-7.4.13/html/tutorial-update.html
  /usr/share/doc/postgresql7.4-7.4.13/html/tutorial-views.html
  /usr/share/doc/postgresql7.4-7.4.13/html/tutorial.html
  /usr/share/doc/postgresql7.4-7.4.13/html/typeconv-func.html
  /usr/share/doc/postgresql7.4-7.4.13/html/typeconv-oper.html
  /usr/share/doc/postgresql7.4-7.4.13/html/typeconv-query.html
  /usr/share/doc/postgresql7.4-7.4.13/html/typeconv-union-case.html
  /usr/share/doc/postgresql7.4-7.4.13/html/typeconv.html
  /usr/share/doc/postgresql7.4-7.4.13/html/unsupported-features-sql99.html
  /usr/share/doc/postgresql7.4-7.4.13/html/user-attributes.html
  /usr/share/doc/postgresql7.4-7.4.13/html/user-manag.html
  /usr/share/doc/postgresql7.4-7.4.13/html/view-pg-indexes.html
  /usr/share/doc/postgresql7.4-7.4.13/html/view-pg-locks.html
  /usr/share/doc/postgresql7.4-7.4.13/html/view-pg-rules.html
  /usr/share/doc/postgresql7.4-7.4.13/html/view-pg-settings.html
  /usr/share/doc/postgresql7.4-7.4.13/html/view-pg-stats.html
  /usr/share/doc/postgresql7.4-7.4.13/html/view-pg-tables.html
  /usr/share/doc/postgresql7.4-7.4.13/html/view-pg-user.html
  /usr/share/doc/postgresql7.4-7.4.13/html/view-pg-views.html
  /usr/share/doc/postgresql7.4-7.4.13/html/views-overview.html
  /usr/share/doc/postgresql7.4-7.4.13/html/wal-benefits-later.html
  /usr/share/doc/postgresql7.4-7.4.13/html/wal-configuration.html
  /usr/share/doc/postgresql7.4-7.4.13/html/wal-internals.html
  /usr/share/doc/postgresql7.4-7.4.13/html/wal.html
  /usr/share/doc/postgresql7.4-7.4.13/html/xaggr.html
  /usr/share/doc/postgresql7.4-7.4.13/html/xfunc-c.html
  /usr/share/doc/postgresql7.4-7.4.13/html/xfunc-internal.html
  /usr/share/doc/postgresql7.4-7.4.13/html/xfunc-overload.html
  /usr/share/doc/postgresql7.4-7.4.13/html/xfunc-pl.html
  /usr/share/doc/postgresql7.4-7.4.13/html/xfunc-sql.html
  /usr/share/doc/postgresql7.4-7.4.13/html/xfunc.html
  /usr/share/doc/postgresql7.4-7.4.13/html/xindex.html
  /usr/share/doc/postgresql7.4-7.4.13/html/xoper-optimization.html
  /usr/share/doc/postgresql7.4-7.4.13/html/xoper.html
  /usr/share/doc/postgresql7.4-7.4.13/html/xplang.html
  /usr/share/doc/postgresql7.4-7.4.13/html/xtypes.html
  /usr/share/locale/cs/LC_MESSAGES/libpq-7.4.mo
  /usr/share/locale/cs/LC_MESSAGES/pg_controldata-7.4.mo
  /usr/share/locale/cs/LC_MESSAGES/pg_dump-7.4.mo
  /usr/share/locale/cs/LC_MESSAGES/pg_resetxlog-7.4.mo
  /usr/share/locale/cs/LC_MESSAGES/pgscripts-7.4.mo
  /usr/share/locale/cs/LC_MESSAGES/postgres-7.4.mo
  /usr/share/locale/cs/LC_MESSAGES/psql-7.4.mo
  /usr/share/locale/de/LC_MESSAGES/libpq-7.4.mo
  /usr/share/locale/de/LC_MESSAGES/pg_controldata-7.4.mo
  /usr/share/locale/de/LC_MESSAGES/pg_dump-7.4.mo
  /usr/share/locale/de/LC_MESSAGES/pg_resetxlog-7.4.mo
  /usr/share/locale/de/LC_MESSAGES/pgscripts-7.4.mo
  /usr/share/locale/de/LC_MESSAGES/postgres-7.4.mo
  /usr/share/locale/de/LC_MESSAGES/psql-7.4.mo
  /usr/share/locale/es/LC_MESSAGES/libpq-7.4.mo
  /usr/share/locale/es/LC_MESSAGES/pg_controldata-7.4.mo
  /usr/share/locale/es/LC_MESSAGES/pg_dump-7.4.mo
  /usr/share/locale/es/LC_MESSAGES/pg_resetxlog-7.4.mo
  /usr/share/locale/es/LC_MESSAGES/pgscripts-7.4.mo
  /usr/share/locale/es/LC_MESSAGES/postgres-7.4.mo
  /usr/share/locale/es/LC_MESSAGES/psql-7.4.mo
  /usr/share/locale/fr/LC_MESSAGES/libpq-7.4.mo
  /usr/share/locale/fr/LC_MESSAGES/pg_controldata-7.4.mo
  /usr/share/locale/fr/LC_MESSAGES/pg_dump-7.4.mo
  /usr/share/locale/fr/LC_MESSAGES/pg_resetxlog-7.4.mo
  /usr/share/locale/fr/LC_MESSAGES/pgscripts-7.4.mo
  /usr/share/locale/fr/LC_MESSAGES/postgres-7.4.mo
  /usr/share/locale/fr/LC_MESSAGES/psql-7.4.mo
  /usr/share/locale/hr/LC_MESSAGES/libpq-7.4.mo
  /usr/share/locale/hr/LC_MESSAGES/postgres-7.4.mo
  /usr/share/locale/hu/LC_MESSAGES/pg_controldata-7.4.mo
  /usr/share/locale/hu/LC_MESSAGES/pg_resetxlog-7.4.mo
  /usr/share/locale/hu/LC_MESSAGES/postgres-7.4.mo
  /usr/share/locale/hu/LC_MESSAGES/psql-7.4.mo
  /usr/share/locale/it/LC_MESSAGES/libpq-7.4.mo
  /usr/share/locale/it/LC_MESSAGES/pg_controldata-7.4.mo
  /usr/share/locale/it/LC_MESSAGES/pg_dump-7.4.mo
  /usr/share/locale/it/LC_MESSAGES/pg_resetxlog-7.4.mo
  /usr/share/locale/it/LC_MESSAGES/pgscripts-7.4.mo
  /usr/share/locale/it/LC_MESSAGES/postgres-7.4.mo
  /usr/share/locale/it/LC_MESSAGES/psql-7.4.mo
  /usr/share/locale/nb/LC_MESSAGES/libpq-7.4.mo
  /usr/share/locale/nb/LC_MESSAGES/pg_controldata-7.4.mo
  /usr/share/locale/nb/LC_MESSAGES/pg_dump-7.4.mo
  /usr/share/locale/nb/LC_MESSAGES/pg_resetxlog-7.4.mo
  /usr/share/locale/nb/LC_MESSAGES/postgres-7.4.mo
  /usr/share/locale/nb/LC_MESSAGES/psql-7.4.mo
  /usr/share/locale/pt_BR/LC_MESSAGES/libpq-7.4.mo
  /usr/share/locale/pt_BR/LC_MESSAGES/pg_controldata-7.4.mo
  /usr/share/locale/pt_BR/LC_MESSAGES/pg_dump-7.4.mo
  /usr/share/locale/pt_BR/LC_MESSAGES/pg_resetxlog-7.4.mo
  /usr/share/locale/pt_BR/LC_MESSAGES/pgscripts-7.4.mo
  /usr/share/locale/pt_BR/LC_MESSAGES/postgres-7.4.mo
  /usr/share/locale/pt_BR/LC_MESSAGES/psql-7.4.mo
  /usr/share/locale/ru/LC_MESSAGES/libpq-7.4.mo
  /usr/share/locale/ru/LC_MESSAGES/pg_controldata-7.4.mo
  /usr/share/locale/ru/LC_MESSAGES/pg_dump-7.4.mo
  /usr/share/locale/ru/LC_MESSAGES/pg_resetxlog-7.4.mo
  /usr/share/locale/ru/LC_MESSAGES/pgscripts-7.4.mo
  /usr/share/locale/ru/LC_MESSAGES/postgres-7.4.mo
  /usr/share/locale/ru/LC_MESSAGES/psql-7.4.mo
  /usr/share/locale/sl/LC_MESSAGES/libpq-7.4.mo
  /usr/share/locale/sl/LC_MESSAGES/pg_controldata-7.4.mo
  /usr/share/locale/sl/LC_MESSAGES/pg_resetxlog-7.4.mo
  /usr/share/locale/sl/LC_MESSAGES/pgscripts-7.4.mo
  /usr/share/locale/sl/LC_MESSAGES/psql-7.4.mo
  /usr/share/locale/sv/LC_MESSAGES/libpq-7.4.mo
  /usr/share/locale/sv/LC_MESSAGES/pg_controldata-7.4.mo
  /usr/share/locale/sv/LC_MESSAGES/pg_dump-7.4.mo
  /usr/share/locale/sv/LC_MESSAGES/pg_resetxlog-7.4.mo
  /usr/share/locale/sv/LC_MESSAGES/pgscripts-7.4.mo
  /usr/share/locale/sv/LC_MESSAGES/postgres-7.4.mo
  /usr/share/locale/sv/LC_MESSAGES/psql-7.4.mo
  /usr/share/locale/tr/LC_MESSAGES/libpq-7.4.mo
  /usr/share/locale/tr/LC_MESSAGES/pg_controldata-7.4.mo
  /usr/share/locale/tr/LC_MESSAGES/pg_resetxlog-7.4.mo
  /usr/share/locale/tr/LC_MESSAGES/pgscripts-7.4.mo
  /usr/share/locale/tr/LC_MESSAGES/postgres-7.4.mo
  /usr/share/locale/tr/LC_MESSAGES/psql-7.4.mo
  /usr/share/locale/zh_CN/LC_MESSAGES/libpq-7.4.mo
  /usr/share/locale/zh_CN/LC_MESSAGES/pg_controldata-7.4.mo
  /usr/share/locale/zh_CN/LC_MESSAGES/pg_dump-7.4.mo
  /usr/share/locale/zh_CN/LC_MESSAGES/pg_resetxlog-7.4.mo
  /usr/share/locale/zh_CN/LC_MESSAGES/pgscripts-7.4.mo
  /usr/share/locale/zh_CN/LC_MESSAGES/postgres-7.4.mo
  /usr/share/locale/zh_CN/LC_MESSAGES/psql-7.4.mo
  /usr/share/locale/zh_TW/LC_MESSAGES/libpq-7.4.mo
  /usr/share/locale/zh_TW/LC_MESSAGES/pg_controldata-7.4.mo
  /usr/share/locale/zh_TW/LC_MESSAGES/pg_dump-7.4.mo
  /usr/share/locale/zh_TW/LC_MESSAGES/postgres-7.4.mo
  /usr/share/locale/zh_TW/LC_MESSAGES/psql-7.4.mo
  /usr/share/postgresql7.4/contrib/RServ.pm
  /usr/share/postgresql7.4/contrib/_int.sql
  /usr/share/postgresql7.4/contrib/autoinc.sql
  /usr/share/postgresql7.4/contrib/btree_gist.sql
  /usr/share/postgresql7.4/contrib/chkpass.sql
  /usr/share/postgresql7.4/contrib/cube.sql
  /usr/share/postgresql7.4/contrib/dblink.sql
  /usr/share/postgresql7.4/contrib/dbsize.sql
  /usr/share/postgresql7.4/contrib/earthdistance.sql
  /usr/share/postgresql7.4/contrib/english.stop
  /usr/share/postgresql7.4/contrib/fti.sql
  /usr/share/postgresql7.4/contrib/fuzzystrmatch.sql
  /usr/share/postgresql7.4/contrib/insert_username.sql
  /usr/share/postgresql7.4/contrib/int_aggregate.sql
  /usr/share/postgresql7.4/contrib/isbn_issn.sql
  /usr/share/postgresql7.4/contrib/lo.sql
  /usr/share/postgresql7.4/contrib/lo_drop.sql
  /usr/share/postgresql7.4/contrib/lo_test.sql
  /usr/share/postgresql7.4/contrib/ltree.sql
  /usr/share/postgresql7.4/contrib/master.sql
  /usr/share/postgresql7.4/contrib/misc_utils.sql
  /usr/share/postgresql7.4/contrib/moddatetime.sql
  /usr/share/postgresql7.4/contrib/noup.sql
  /usr/share/postgresql7.4/contrib/pgcrypto.sql
  /usr/share/postgresql7.4/contrib/pgstattuple.sql
  /usr/share/postgresql7.4/contrib/refint.sql
  /usr/share/postgresql7.4/contrib/rtree_gist.sql
  /usr/share/postgresql7.4/contrib/russian.stop
  /usr/share/postgresql7.4/contrib/seg.sql
  /usr/share/postgresql7.4/contrib/slave.sql
  /usr/share/postgresql7.4/contrib/string_io.sql
  /usr/share/postgresql7.4/contrib/tablefunc.sql
  /usr/share/postgresql7.4/contrib/timetravel.sql
  /usr/share/postgresql7.4/contrib/tsearch.sql
  /usr/share/postgresql7.4/contrib/tsearch2.sql
  /usr/share/postgresql7.4/contrib/untsearch2.sql
  /usr/share/postgresql7.4/contrib/user_locks.sql
  /usr/share/postgresql7.4/data/conversion_create.sql
  /usr/share/postgresql7.4/data/information_schema.sql
  /usr/share/postgresql7.4/data/java/postgresql-examples.jar
  /usr/share/postgresql7.4/data/java/postgresql.jar
  /usr/share/postgresql7.4/data/pg_hba.conf.sample
  /usr/share/postgresql7.4/data/pg_ident.conf.sample
  /usr/share/postgresql7.4/data/pg_service.conf.sample
  /usr/share/postgresql7.4/data/postgres.bki
  /usr/share/postgresql7.4/data/postgres.description
  /usr/share/postgresql7.4/data/postgresql.conf.sample
  /usr/share/postgresql7.4/data/sql_features.txt
  /usr/share/postgresql7.4/man/man1/clusterdb.1
  /usr/share/postgresql7.4/man/man1/createdb.1
  /usr/share/postgresql7.4/man/man1/createlang.1
  /usr/share/postgresql7.4/man/man1/createuser.1
  /usr/share/postgresql7.4/man/man1/dropdb.1
  /usr/share/postgresql7.4/man/man1/droplang.1
  /usr/share/postgresql7.4/man/man1/dropuser.1
  /usr/share/postgresql7.4/man/man1/ecpg.1
  /usr/share/postgresql7.4/man/man1/initdb.1
  /usr/share/postgresql7.4/man/man1/initlocation.1
  /usr/share/postgresql7.4/man/man1/ipcclean.1
  /usr/share/postgresql7.4/man/man1/pg_config.1
  /usr/share/postgresql7.4/man/man1/pg_controldata.1
  /usr/share/postgresql7.4/man/man1/pg_ctl.1
  /usr/share/postgresql7.4/man/man1/pg_dump.1
  /usr/share/postgresql7.4/man/man1/pg_dumpall.1
  /usr/share/postgresql7.4/man/man1/pg_resetxlog.1
  /usr/share/postgresql7.4/man/man1/pg_restore.1
  /usr/share/postgresql7.4/man/man1/pgtclsh.1
  /usr/share/postgresql7.4/man/man1/pgtksh.1
  /usr/share/postgresql7.4/man/man1/postgres.1
  /usr/share/postgresql7.4/man/man1/postmaster.1
  /usr/share/postgresql7.4/man/man1/psql.1
  /usr/share/postgresql7.4/man/man1/vacuumdb.1
  /usr/share/postgresql7.4/man/man7/abort.7
  /usr/share/postgresql7.4/man/man7/alter_aggregate.7
  /usr/share/postgresql7.4/man/man7/alter_conversion.7
  /usr/share/postgresql7.4/man/man7/alter_database.7
  /usr/share/postgresql7.4/man/man7/alter_domain.7
  /usr/share/postgresql7.4/man/man7/alter_function.7
  /usr/share/postgresql7.4/man/man7/alter_group.7
  /usr/share/postgresql7.4/man/man7/alter_language.7
  /usr/share/postgresql7.4/man/man7/alter_operator_class.7
  /usr/share/postgresql7.4/man/man7/alter_schema.7
  /usr/share/postgresql7.4/man/man7/alter_sequence.7
  /usr/share/postgresql7.4/man/man7/alter_table.7
  /usr/share/postgresql7.4/man/man7/alter_trigger.7
  /usr/share/postgresql7.4/man/man7/alter_user.7
  /usr/share/postgresql7.4/man/man7/analyze.7
  /usr/share/postgresql7.4/man/man7/begin.7
  /usr/share/postgresql7.4/man/man7/checkpoint.7
  /usr/share/postgresql7.4/man/man7/close.7
  /usr/share/postgresql7.4/man/man7/cluster.7
  /usr/share/postgresql7.4/man/man7/comment.7
  /usr/share/postgresql7.4/man/man7/commit.7
  /usr/share/postgresql7.4/man/man7/copy.7
  /usr/share/postgresql7.4/man/man7/create_aggregate.7
  /usr/share/postgresql7.4/man/man7/create_cast.7
  /usr/share/postgresql7.4/man/man7/create_constraint_trigger.7
  /usr/share/postgresql7.4/man/man7/create_conversion.7
  /usr/share/postgresql7.4/man/man7/create_database.7
  /usr/share/postgresql7.4/man/man7/create_domain.7
  /usr/share/postgresql7.4/man/man7/create_function.7
  /usr/share/postgresql7.4/man/man7/create_group.7
  /usr/share/postgresql7.4/man/man7/create_index.7
  /usr/share/postgresql7.4/man/man7/create_language.7
  /usr/share/postgresql7.4/man/man7/create_operator.7
  /usr/share/postgresql7.4/man/man7/create_operator_class.7
  /usr/share/postgresql7.4/man/man7/create_rule.7
  /usr/share/postgresql7.4/man/man7/create_schema.7
  /usr/share/postgresql7.4/man/man7/create_sequence.7
  /usr/share/postgresql7.4/man/man7/create_table.7
  /usr/share/postgresql7.4/man/man7/create_table_as.7
  /usr/share/postgresql7.4/man/man7/create_trigger.7
  /usr/share/postgresql7.4/man/man7/create_type.7
  /usr/share/postgresql7.4/man/man7/create_user.7
  /usr/share/postgresql7.4/man/man7/create_view.7
  /usr/share/postgresql7.4/man/man7/deallocate.7
  /usr/share/postgresql7.4/man/man7/declare.7
  /usr/share/postgresql7.4/man/man7/delete.7
  /usr/share/postgresql7.4/man/man7/drop_aggregate.7
  /usr/share/postgresql7.4/man/man7/drop_cast.7
  /usr/share/postgresql7.4/man/man7/drop_conversion.7
  /usr/share/postgresql7.4/man/man7/drop_database.7
  /usr/share/postgresql7.4/man/man7/drop_domain.7
  /usr/share/postgresql7.4/man/man7/drop_function.7
  /usr/share/postgresql7.4/man/man7/drop_group.7
  /usr/share/postgresql7.4/man/man7/drop_index.7
  /usr/share/postgresql7.4/man/man7/drop_language.7
  /usr/share/postgresql7.4/man/man7/drop_operator.7
  /usr/share/postgresql7.4/man/man7/drop_operator_class.7
  /usr/share/postgresql7.4/man/man7/drop_rule.7
  /usr/share/postgresql7.4/man/man7/drop_schema.7
  /usr/share/postgresql7.4/man/man7/drop_sequence.7
  /usr/share/postgresql7.4/man/man7/drop_table.7
  /usr/share/postgresql7.4/man/man7/drop_trigger.7
  /usr/share/postgresql7.4/man/man7/drop_type.7
  /usr/share/postgresql7.4/man/man7/drop_user.7
  /usr/share/postgresql7.4/man/man7/drop_view.7
  /usr/share/postgresql7.4/man/man7/end.7
  /usr/share/postgresql7.4/man/man7/execute.7
  /usr/share/postgresql7.4/man/man7/explain.7
  /usr/share/postgresql7.4/man/man7/fetch.7
  /usr/share/postgresql7.4/man/man7/grant.7
  /usr/share/postgresql7.4/man/man7/insert.7
  /usr/share/postgresql7.4/man/man7/listen.7
  /usr/share/postgresql7.4/man/man7/load.7
  /usr/share/postgresql7.4/man/man7/lock.7
  /usr/share/postgresql7.4/man/man7/move.7
  /usr/share/postgresql7.4/man/man7/notify.7
  /usr/share/postgresql7.4/man/man7/prepare.7
  /usr/share/postgresql7.4/man/man7/reindex.7
  /usr/share/postgresql7.4/man/man7/reset.7
  /usr/share/postgresql7.4/man/man7/revoke.7
  /usr/share/postgresql7.4/man/man7/rollback.7
  /usr/share/postgresql7.4/man/man7/select.7
  /usr/share/postgresql7.4/man/man7/select_into.7
  /usr/share/postgresql7.4/man/man7/set.7
  /usr/share/postgresql7.4/man/man7/set_constraints.7
  /usr/share/postgresql7.4/man/man7/set_session_authorization.7
  /usr/share/postgresql7.4/man/man7/set_transaction.7
  /usr/share/postgresql7.4/man/man7/show.7
  /usr/share/postgresql7.4/man/man7/start_transaction.7
  /usr/share/postgresql7.4/man/man7/truncate.7
  /usr/share/postgresql7.4/man/man7/unlisten.7
  /usr/share/postgresql7.4/man/man7/update.7
  /usr/share/postgresql7.4/man/man7/vacuum.7
